// Jest Snapshot v1, https://goo.gl/fbAQLP

exports[`SiteSplashLoginForm renders without crashing 1`] = `
Object {
  "asFragment": [Function],
  "baseElement": .c5 {
  width: 100%;
  margin-top: 0.5rem;
  margin-left: 0;
  cursor: pointer;
  padding: 0.5rem 1.25rem;
  border: 1px solid rgb(150,150,150);
  border-radius: 5px;
  font-size: 0.9rem;
  background-color: rgba(220,220,220,1);
  color: black;
  outline: none;
  -webkit-transition: background-color 0.1s;
  transition: background-color 0.1s;
}

.c5:hover {
  background-color: white;
  color: black;
}

.c2 {
  margin-left: 0;
  width: 100%;
  display: -webkit-box;
  display: -webkit-flex;
  display: -ms-flexbox;
  display: flex;
  -webkit-flex-direction: column;
  -ms-flex-direction: column;
  flex-direction: column;
  -webkit-box-pack: start;
  -webkit-justify-content: flex-start;
  -ms-flex-pack: start;
  justify-content: flex-start;
  -webkit-align-items: center;
  -webkit-box-align: center;
  -ms-flex-align: center;
  align-items: center;
}

.c3 {
  width: 100%;
}

.c4 {
  width: 100%;
  margin: 0.375rem;
  padding: 0.5rem 0.25rem;
  border: none;
  border: 1px solid rgb(150,150,150);
  border-radius: 4px;
  outline: none;
  font-size: 0.9rem;
}

.c7 {
  margin-top: 0.5rem;
  text-align: left;
  color: rgb(175,0,0);
}

.c0 {
  width: 100%;
  display: -webkit-box;
  display: -webkit-flex;
  display: -ms-flexbox;
  display: flex;
  -webkit-flex-direction: column;
  -ms-flex-direction: column;
  flex-direction: column;
  -webkit-box-pack: center;
  -webkit-justify-content: center;
  -ms-flex-pack: center;
  justify-content: center;
  -webkit-align-items: center;
  -webkit-box-align: center;
  -ms-flex-align: center;
  align-items: center;
}

.c1 {
  width: 100%;
  display: -webkit-box;
  display: -webkit-flex;
  display: -ms-flexbox;
  display: flex;
  -webkit-flex-direction: column;
  -ms-flex-direction: column;
  flex-direction: column;
  -webkit-box-pack: center;
  -webkit-justify-content: center;
  -ms-flex-pack: center;
  justify-content: center;
  -webkit-align-items: center;
  -webkit-box-align: center;
  -ms-flex-align: center;
  align-items: center;
}

.c6 {
  width: 100%;
}

@media (max-width:480px) {
  .c5 {
    width: 100%;
    margin: 0.375rem;
  }
}

@media (max-width:480px) {
  .c4 {
    width: 100%;
    margin: 0.375rem 0;
  }
}

@media (max-width:480px) {
  .c1 {
    -webkit-flex-direction: column;
    -ms-flex-direction: column;
    flex-direction: column;
  }
}

<body>
    <div>
      <form
        class="c0"
      >
        <div
          class="c1"
        >
          <div
            class="c2"
          >
            <label
              class="c3"
            >
              Email
              :
            </label>
            <input
              class="c4"
              placeholder="Email"
              type="email"
              value=""
            />
          </div>
          <div
            class="c2"
          >
            <label
              class="c3"
            >
              Password
              :
            </label>
            <input
              class="c4"
              placeholder="Password"
              type="password"
              value=""
            />
          </div>
          <button
            class="c5"
          >
            Log In
          </button>
        </div>
        <div
          class="c6"
        >
          <div
            class="c7"
            data-testid="SiteSplashLoginFormStatus"
          />
        </div>
      </form>
    </div>
  </body>,
  "container": <div>
    <form
      class="sc-AykKH iRHvOU"
    >
      <div
        class="sc-AykKI buDOwc"
      >
        <div
          class="sc-AykKD bbzThp"
        >
          <label
            class="sc-AykKE jtbLvj"
          >
            Email
            :
          </label>
          <input
            class="sc-AykKF haJOPm"
            placeholder="Email"
            type="email"
            value=""
          />
        </div>
        <div
          class="sc-AykKD bbzThp"
        >
          <label
            class="sc-AykKE jtbLvj"
          >
            Password
            :
          </label>
          <input
            class="sc-AykKF haJOPm"
            placeholder="Password"
            type="password"
            value=""
          />
        </div>
        <button
          class="sc-AykKC ilFvXC"
        >
          Log In
        </button>
      </div>
      <div
        class="sc-AykKJ OwdgA"
      >
        <div
          class="sc-AykKG himGUV"
          data-testid="SiteSplashLoginFormStatus"
        />
      </div>
    </form>
  </div>,
  "debug": [Function],
  "findAllByAltText": [Function],
  "findAllByDisplayValue": [Function],
  "findAllByLabelText": [Function],
  "findAllByPlaceholderText": [Function],
  "findAllByRole": [Function],
  "findAllByTestId": [Function],
  "findAllByText": [Function],
  "findAllByTitle": [Function],
  "findByAltText": [Function],
  "findByDisplayValue": [Function],
  "findByLabelText": [Function],
  "findByPlaceholderText": [Function],
  "findByRole": [Function],
  "findByTestId": [Function],
  "findByText": [Function],
  "findByTitle": [Function],
  "getAllByAltText": [Function],
  "getAllByDisplayValue": [Function],
  "getAllByLabelText": [Function],
  "getAllByPlaceholderText": [Function],
  "getAllByRole": [Function],
  "getAllByTestId": [Function],
  "getAllByText": [Function],
  "getAllByTitle": [Function],
  "getByAltText": [Function],
  "getByDisplayValue": [Function],
  "getByLabelText": [Function],
  "getByPlaceholderText": [Function],
  "getByRole": [Function],
  "getByTestId": [Function],
  "getByText": [Function],
  "getByTitle": [Function],
  "queryAllByAltText": [Function],
  "queryAllByDisplayValue": [Function],
  "queryAllByLabelText": [Function],
  "queryAllByPlaceholderText": [Function],
  "queryAllByRole": [Function],
  "queryAllByTestId": [Function],
  "queryAllByText": [Function],
  "queryAllByTitle": [Function],
  "queryByAltText": [Function],
  "queryByDisplayValue": [Function],
  "queryByLabelText": [Function],
  "queryByPlaceholderText": [Function],
  "queryByRole": [Function],
  "queryByTestId": [Function],
  "queryByText": [Function],
  "queryByTitle": [Function],
  "rerender": [Function],
  "store": Object {
    "dispatch": [Function],
    "getState": [Function],
    "replaceReducer": [Function],
    "subscribe": [Function],
    Symbol(observable): [Function],
  },
  "unmount": [Function],
}
`;
