// Jest Snapshot v1, https://goo.gl/fbAQLP

exports[`Renders correctly 1`] = `
.c3 {
  cursor: pointer;
  width: 100%;
}

.c3:hover {
  -webkit-text-decoration: underline;
  text-decoration: underline;
}

.c4 {
  display: none;
}

.c0 {
  z-index: 3;
  position: fixed;
  top: 0;
  right: 0;
  cursor: pointer;
  padding: 0.375rem;
  color: rgb(80,80,80);
  -webkit-transform: scale(-1,1);
  -ms-transform: scale(-1,1);
  transform: scale(-1,1);
  -webkit-transition: -webkit-transform 0.25s;
  -webkit-transition: transform 0.25s;
  transition: transform 0.25s;
}

.c0:hover {
  color: rgb(40,40,40);
}

.c1 {
  z-index: 2;
  position: fixed;
  background-color: rgb(250,250,250);
  opacity: 0;
  top: 0;
  left: 100vw;
  height: 100vh;
  width: 25vw;
  padding: 1rem;
  -webkit-transition: all 0.25s;
  transition: all 0.25s;
}

.c2 {
  margin-bottom: 1rem;
}

<div>
  <div
    class="c0"
    data-testid="settingsLink"
  >
    <svg
      height="1.5rem"
      viewBox="0 0 1024 1024"
      width="1.5rem"
    >
      <path
        d="M384 853.333h-170.667c-5.845 0-11.349-1.152-16.299-3.2-5.205-2.133-9.899-5.333-13.867-9.301s-7.125-8.661-9.301-13.867c-2.048-4.949-3.2-10.453-3.2-16.299v-597.333c0-5.845 1.152-11.349 3.2-16.299 2.133-5.205 5.333-9.899 9.301-13.867s8.661-7.125 13.867-9.301c4.949-2.048 10.453-3.2 16.299-3.2h170.667c23.552 0 42.667-19.115 42.667-42.667s-19.115-42.667-42.667-42.667h-170.667c-17.28 0-33.835 3.456-48.981 9.728-15.659 6.485-29.739 16-41.515 27.776s-21.291 25.856-27.776 41.515c-6.272 15.147-9.728 31.701-9.728 48.981v597.333c0 17.28 3.456 33.835 9.728 48.981 6.485 15.701 16 29.781 27.776 41.557s25.856 21.291 41.557 27.776c15.104 6.229 31.659 9.685 48.939 9.685h170.667c23.552 0 42.667-19.115 42.667-42.667s-19.115-42.667-42.667-42.667zM793.003 469.333h-409.003c-23.552 0-42.667 19.115-42.667 42.667s19.115 42.667 42.667 42.667h409.003l-140.501 140.501c-16.683 16.683-16.683 43.691 0 60.331s43.691 16.683 60.331 0l213.333-213.333c4.096-4.096 7.168-8.832 9.259-13.867 2.091-5.12 3.2-10.539 3.243-15.957 0.043-5.675-1.024-11.349-3.243-16.64-2.091-5.035-5.163-9.771-9.259-13.867l-213.333-213.333c-16.683-16.683-43.691-16.683-60.331 0s-16.683 43.691 0 60.331z"
        style="fill: currentColor;"
      />
    </svg>
  </div>
  <div
    class="c1"
    data-testid="settingsContainer"
  >
    <h2
      class="c2"
    >
      Settings
    </h2>
    <div
      class=""
    >
      <h3
        class="c3"
        data-testid="settingsTileHeader"
      >
        Colors
      </h3>
      <div
        class="c4"
        data-testid="settingsTileItems"
      >
        <div
          class=""
        >
          Primary
        </div>
        <div
          class=""
        >
          Secondary
        </div>
        <div
          class=""
        >
          Tertiary
        </div>
      </div>
    </div>
  </div>
</div>
`;
